CCS PCM C Compiler, Version 4.093, 5967               10-Ara-12 06:03

               Filename: C:\github\Summer_of_Project\Kodlar\1.Maket\PIC C\Analag Girdi - Dijital Cikti\dosyalar\cehars.lst

               ROM used: 74 words (1%)
                         Largest free fragment is 2048
               RAM used: 9 (2%) at main() level
                         9 (2%) worst case
               Stack:    0 locations

*
0000:  MOVLW  00
0001:  MOVWF  0A
0002:  GOTO   004
0003:  NOP
.................... #include <16F877.h> 
.................... //////// Standard Header file for the PIC16F877 device //////////////// 
.................... #device PIC16F877 
.................... #list 
....................  
.................... #fuses HS,NOWDT,NOPROTECT,NOLVP 
.................... #use delay(clock=4000000) 
.................... int t=0; 
*
000D:  BCF    03.5
000E:  CLRF   20
....................  
....................  
.................... void main( ) 
.................... {  
*
0004:  CLRF   04
0005:  BCF    03.7
0006:  MOVLW  1F
0007:  ANDWF  03,F
0008:  BSF    03.5
0009:  BSF    1F.0
000A:  BSF    1F.1
000B:  BSF    1F.2
000C:  BCF    1F.3
....................    byte X; 
....................    setup_ccp1(CCP_PWM); // CCP1 PWM moduna ayarlanýyor 
*
0011:  BCF    21.2
0012:  MOVF   21,W
0013:  BSF    03.5
0014:  MOVWF  07
0015:  BCF    03.5
0016:  BCF    07.2
0017:  MOVLW  0C
0018:  MOVWF  17
....................    setup_timer_2(T2_DIV_BY_16, 255, 16); // Periyot (1/clock)*4*t2div*(period+1) 
0019:  MOVLW  78
001A:  MOVWF  78
001B:  IORLW  06
001C:  MOVWF  12
001D:  MOVLW  FF
001E:  BSF    03.5
001F:  MOVWF  12
....................    setup_port_a(ALL_ANALOG); // Fosc=20000000 ve periyot katsayýsý=127 
0020:  BCF    1F.0
0021:  BCF    1F.1
0022:  BCF    1F.2
0023:  BCF    1F.3
....................    setup_adc(adc_clock_internal); // (1/20000000)*4*16*128= 409,6 us or 2,44 khz 
0024:  BCF    03.5
0025:  BSF    1F.6
0026:  BSF    1F.7
0027:  BSF    03.5
0028:  BCF    1F.7
0029:  BCF    03.5
002A:  BSF    1F.0
....................     
....................     
....................    while( TRUE ) 
....................    { 
....................     
....................    set_adc_channel( 0 ); 
002B:  MOVLW  00
002C:  MOVWF  78
002D:  MOVF   1F,W
002E:  ANDLW  C7
002F:  IORWF  78,W
0030:  MOVWF  1F
....................    delay_us(20); 
0031:  MOVLW  06
0032:  MOVWF  77
0033:  DECFSZ 77,F
0034:  GOTO   033
0035:  NOP
....................    x=read_adc(); 
0036:  BSF    1F.2
0037:  BTFSC  1F.2
0038:  GOTO   037
0039:  MOVF   1E,W
003A:  MOVWF  22
....................     
....................   
....................     
....................    if (x>128) 
003B:  MOVF   22,W
003C:  SUBLW  80
003D:  BTFSC  03.0
003E:  GOTO   044
....................    output_high(pin_d0); 
003F:  BSF    03.5
0040:  BCF    08.0
0041:  BCF    03.5
0042:  BSF    08.0
....................     
....................    else  
0043:  GOTO   048
....................    output_low(pin_d0); 
0044:  BSF    03.5
0045:  BCF    08.0
0046:  BCF    03.5
0047:  BCF    08.0
....................     
....................     
....................    } 
0048:  GOTO   02B
.................... } 
0049:  SLEEP

Configuration Fuses:
   Word  1: 3F72   HS NOWDT PUT NOPROTECT BROWNOUT NOLVP NOCPD NOWRT NODEBUG
